2025-04-15 19:32:01.742950 - Received CBT.V508.FILE229.PDS from FILE229.XMI 
2025-04-15 19:32:01.747011 - Found $$$$READ.txt (text/plain) in CBT.V508.FILE229.PDS, moved to PDS/$$$$READ
2025-04-15 19:32:01.747367 - Found $$$$VERS.txt (text/plain) in CBT.V508.FILE229.PDS, moved to PDS/$$$$VERS
2025-04-15 19:32:01.747711 - Found $$$#DATE.txt (text/plain) in CBT.V508.FILE229.PDS, moved to PDS/$$$#DATE
2025-04-15 19:32:01.748059 - Found $$PARMS.txt (text/plain) in CBT.V508.FILE229.PDS, moved to PDS/$$PARMS
2025-04-15 19:32:01.748398 - Found $$PARMS1.txt (text/plain) in CBT.V508.FILE229.PDS, moved to PDS/$$PARMS1
2025-04-15 19:32:01.748734 - Found $$PARMS2.txt (text/plain) in CBT.V508.FILE229.PDS, moved to PDS/$$PARMS2
2025-04-15 19:32:01.749076 - Found $$TAPLBL.txt (text/plain) in CBT.V508.FILE229.PDS, moved to PDS/$$TAPLBL
2025-04-15 19:32:01.749277 - Found $BUGS.txt (text/plain) in CBT.V508.FILE229.PDS, moved to PDS/$BUGS
2025-04-15 19:32:01.749434 - Found $COPLADD.jcl (text/plain) in CBT.V508.FILE229.PDS, moved to PDS/$COPLADD
2025-04-15 19:32:01.749596 - Found $COPLAD1.jcl (text/plain) in CBT.V508.FILE229.PDS, moved to PDS/$COPLAD1
2025-04-15 19:32:01.749756 - Found $COPLDMP.jcl (text/plain) in CBT.V508.FILE229.PDS, moved to PDS/$COPLDMP
2025-04-15 19:32:01.749917 - Found $COPLDM1.jcl (text/plain) in CBT.V508.FILE229.PDS, moved to PDS/$COPLDM1
2025-04-15 19:32:01.750107 - Found $COPYMO1.jcl (text/plain) in CBT.V508.FILE229.PDS, moved to PDS/$COPYMO1
2025-04-15 19:32:01.750301 - Found $INITVOL.jcl (text/plain) in CBT.V508.FILE229.PDS, moved to PDS/$INITVOL
2025-04-15 19:32:01.750478 - Found $NOTES.txt (text/plain) in CBT.V508.FILE229.PDS, moved to PDS/$NOTES
2025-04-15 19:32:01.750652 - Found $SAMPEXT.txt (text/plain) in CBT.V508.FILE229.PDS, moved to PDS/$SAMPEXT
2025-04-15 19:32:01.750930 - Found $SLDOC.txt (text/plain) in CBT.V508.FILE229.PDS, moved to PDS/$SLDOC
2025-04-15 19:32:01.751204 - Found $SLDOC1.txt (text/plain) in CBT.V508.FILE229.PDS, moved to PDS/$SLDOC1
2025-04-15 19:32:01.751488 - Found $TESTPLN.txt (text/plain) in CBT.V508.FILE229.PDS, moved to PDS/$TESTPLN
2025-04-15 19:32:01.751792 - Found #$MANUAL.jcl (text/plain) in CBT.V508.FILE229.PDS, moved to PDS/#$MANUAL
2025-04-15 19:32:01.752857 - Found #MANUAL.txt (text/plain) in CBT.V508.FILE229.PDS, moved to PDS/#MANUAL
2025-04-15 19:32:01.752935 - Found @FILE229.txt (text/plain) in CBT.V508.FILE229.PDS, moved to PDS/@FILE229
2025-04-15 19:32:01.753164 - Found CKIEBG$$.jcl (text/plain) in CBT.V508.FILE229.PDS, moved to PDS/CKIEBG$$
2025-04-15 19:32:01.753511 - Found CKIEBGE$.jcl (text/plain) in CBT.V508.FILE229.PDS, moved to PDS/CKIEBGE$
2025-04-15 19:32:01.754302 - Found CKIEBGEN.txt (text/plain) in CBT.V508.FILE229.PDS, moved to PDS/CKIEBGEN
2025-04-15 19:32:01.754651 - Found CKIEBG01.jcl (text/plain) in CBT.V508.FILE229.PDS, moved to PDS/CKIEBG01
2025-04-15 19:32:01.754976 - Found CKIEBG06.txt (text/plain) in CBT.V508.FILE229.PDS, moved to PDS/CKIEBG06
2025-04-15 19:32:01.755564 - Found CKIEBG07.txt (text/plain) in CBT.V508.FILE229.PDS, moved to PDS/CKIEBG07
2025-04-15 19:32:01.756215 - Found CKIEBG08.txt (text/plain) in CBT.V508.FILE229.PDS, moved to PDS/CKIEBG08
2025-04-15 19:32:01.756611 - Found COPYFIL$.jcl (text/plain) in CBT.V508.FILE229.PDS, moved to PDS/COPYFIL$
2025-04-15 19:32:01.756930 - Found COPYFIL#.txt (text/plain) in CBT.V508.FILE229.PDS, moved to PDS/COPYFIL#
2025-04-15 19:32:01.757713 - Found COPYFILE.txt (text/plain) in CBT.V508.FILE229.PDS, moved to PDS/COPYFILE
2025-04-15 19:32:01.758551 - Found COPYFILO.txt (text/plain) in CBT.V508.FILE229.PDS, moved to PDS/COPYFILO
2025-04-15 19:32:01.759200 - Found COPYFILP.txt (text/plain) in CBT.V508.FILE229.PDS, moved to PDS/COPYFILP
2025-04-15 19:32:01.759419 - Found COPYFIL1.jcl (text/plain) in CBT.V508.FILE229.PDS, moved to PDS/COPYFIL1
2025-04-15 19:32:01.759621 - Found COPYFIL2.jcl (text/plain) in CBT.V508.FILE229.PDS, moved to PDS/COPYFIL2
2025-04-15 19:32:01.759965 - Found COPYFIL3.jcl (text/plain) in CBT.V508.FILE229.PDS, moved to PDS/COPYFIL3
2025-04-15 19:32:01.760189 - Found COPYMOD$.jcl (text/plain) in CBT.V508.FILE229.PDS, moved to PDS/COPYMOD$
2025-04-15 19:32:01.760610 - Found COPYMOD#.txt (text/plain) in CBT.V508.FILE229.PDS, moved to PDS/COPYMOD#
2025-04-15 19:32:01.760819 - Found COPYMODA.jcl (text/plain) in CBT.V508.FILE229.PDS, moved to PDS/COPYMODA
2025-04-15 19:32:01.761163 - Found COPYMODB.jcl (text/plain) in CBT.V508.FILE229.PDS, moved to PDS/COPYMODB
2025-04-15 19:32:01.761776 - Found COPYMODO.txt (text/plain) in CBT.V508.FILE229.PDS, moved to PDS/COPYMODO
2025-04-15 19:32:01.764856 - Found COPYMODS.txt (text/plain) in CBT.V508.FILE229.PDS, moved to PDS/COPYMODS
2025-04-15 19:32:01.765482 - Found COPYMODT.txt (text/plain) in CBT.V508.FILE229.PDS, moved to PDS/COPYMODT
2025-04-15 19:32:01.767184 - Found COPYMO56.txt (text/plain) in CBT.V508.FILE229.PDS, moved to PDS/COPYMO56
2025-04-15 19:32:01.770041 - Found COPYMO83.txt (text/plain) in CBT.V508.FILE229.PDS, moved to PDS/COPYMO83
2025-04-15 19:32:01.773355 - Found COPYMO84.txt (text/plain) in CBT.V508.FILE229.PDS, moved to PDS/COPYMO84
2025-04-15 19:32:01.776152 - Found COPYMO85.txt (text/plain) in CBT.V508.FILE229.PDS, moved to PDS/COPYMO85
2025-04-15 19:32:01.778873 - Found COPYMO86.txt (text/plain) in CBT.V508.FILE229.PDS, moved to PDS/COPYMO86
2025-04-15 19:32:01.779256 - Found COPYNLN$.jcl (text/plain) in CBT.V508.FILE229.PDS, moved to PDS/COPYNLN$
2025-04-15 19:32:01.779623 - Found COPYNLN#.txt (text/plain) in CBT.V508.FILE229.PDS, moved to PDS/COPYNLN#
2025-04-15 19:32:01.780203 - Found COPYNLNL.txt (text/plain) in CBT.V508.FILE229.PDS, moved to PDS/COPYNLNL
2025-04-15 19:32:01.780860 - Found COPYNLNO.txt (text/plain) in CBT.V508.FILE229.PDS, moved to PDS/COPYNLNO
2025-04-15 19:32:01.781111 - Found COPYSLN$.jcl (text/plain) in CBT.V508.FILE229.PDS, moved to PDS/COPYSLN$
2025-04-15 19:32:01.781494 - Found COPYSLN#.txt (text/plain) in CBT.V508.FILE229.PDS, moved to PDS/COPYSLN#
2025-04-15 19:32:01.782260 - Found COPYSLNL.txt (text/plain) in CBT.V508.FILE229.PDS, moved to PDS/COPYSLNL
2025-04-15 19:32:01.783069 - Found COPYSLNO.txt (text/plain) in CBT.V508.FILE229.PDS, moved to PDS/COPYSLNO
2025-04-15 19:32:01.783429 - Found COPYSLN1.jcl (text/plain) in CBT.V508.FILE229.PDS, moved to PDS/COPYSLN1
2025-04-15 19:32:01.783787 - Found COPYSLN2.jcl (text/plain) in CBT.V508.FILE229.PDS, moved to PDS/COPYSLN2
2025-04-15 19:32:01.784000 - Found COPYSLN3.jcl (text/plain) in CBT.V508.FILE229.PDS, moved to PDS/COPYSLN3
2025-04-15 19:32:01.784283 - Found IEBTBLK.txt (text/plain) in CBT.V508.FILE229.PDS, moved to PDS/IEBTBLK
2025-04-15 19:32:01.784653 - Found IEBTBLK$.jcl (text/plain) in CBT.V508.FILE229.PDS, moved to PDS/IEBTBLK$
2025-04-15 19:32:01.785002 - Found IGG019WD.txt (text/plain) in CBT.V508.FILE229.PDS, moved to PDS/IGG019WD
2025-04-15 19:32:01.785171 - Found IGG019WE.txt (text/plain) in CBT.V508.FILE229.PDS, moved to PDS/IGG019WE
2025-04-15 19:32:01.785388 - Found MSGWRITE.txt (text/plain) in CBT.V508.FILE229.PDS, moved to PDS/MSGWRITE
2025-04-15 19:32:01.785626 - Found MSGZ.txt (text/plain) in CBT.V508.FILE229.PDS, moved to PDS/MSGZ
2025-04-15 19:32:01.785879 - Found PRIME.txt (text/plain) in CBT.V508.FILE229.PDS, moved to PDS/PRIME
2025-04-15 19:32:01.786219 - Found TAPEL.txt (text/plain) in CBT.V508.FILE229.PDS, moved to PDS/TAPEL
2025-04-15 19:32:01.786553 - Found TERME.txt (text/plain) in CBT.V508.FILE229.PDS, moved to PDS/TERME
2025-04-15 19:32:01.786916 - Found TLPRINT.txt (text/plain) in CBT.V508.FILE229.PDS, moved to PDS/TLPRINT
2025-04-15 19:32:01.787474 - Found TLPRNT.txt (text/plain) in CBT.V508.FILE229.PDS, moved to PDS/TLPRNT
